// Jest Snapshot v1, https://goo.gl/fbAQLP

exports[`TileLayer should render tiles 1`] = `
<div>
  <div
    style="position: absolute; width: 1024px; height: 1024px; will-change: transform; transform: translate(-153.00551111111236px, -240.9634059561813px) scale(1); transform-origin: top left;"
  >
    <img
      alt=""
      loading="lazy"
      src="tile-45-18-6"
      style="position: absolute; width: 256px; height: 256px; left: 0px; top: 0px;"
    />
    <img
      alt=""
      loading="lazy"
      src="tile-45-19-6"
      style="position: absolute; width: 256px; height: 256px; left: 0px; top: 256px;"
    />
    <img
      alt=""
      loading="lazy"
      src="tile-45-20-6"
      style="position: absolute; width: 256px; height: 256px; left: 0px; top: 512px;"
    />
    <img
      alt=""
      loading="lazy"
      src="tile-45-21-6"
      style="position: absolute; width: 256px; height: 256px; left: 0px; top: 768px;"
    />
    <img
      alt=""
      loading="lazy"
      src="tile-46-18-6"
      style="position: absolute; width: 256px; height: 256px; left: 256px; top: 0px;"
    />
    <img
      alt=""
      loading="lazy"
      src="tile-46-19-6"
      style="position: absolute; width: 256px; height: 256px; left: 256px; top: 256px;"
    />
    <img
      alt=""
      loading="lazy"
      src="tile-46-20-6"
      style="position: absolute; width: 256px; height: 256px; left: 256px; top: 512px;"
    />
    <img
      alt=""
      loading="lazy"
      src="tile-46-21-6"
      style="position: absolute; width: 256px; height: 256px; left: 256px; top: 768px;"
    />
    <img
      alt=""
      loading="lazy"
      src="tile-47-18-6"
      style="position: absolute; width: 256px; height: 256px; left: 512px; top: 0px;"
    />
    <img
      alt=""
      loading="lazy"
      src="tile-47-19-6"
      style="position: absolute; width: 256px; height: 256px; left: 512px; top: 256px;"
    />
    <img
      alt=""
      loading="lazy"
      src="tile-47-20-6"
      style="position: absolute; width: 256px; height: 256px; left: 512px; top: 512px;"
    />
    <img
      alt=""
      loading="lazy"
      src="tile-47-21-6"
      style="position: absolute; width: 256px; height: 256px; left: 512px; top: 768px;"
    />
    <img
      alt=""
      loading="lazy"
      src="tile-48-18-6"
      style="position: absolute; width: 256px; height: 256px; left: 768px; top: 0px;"
    />
    <img
      alt=""
      loading="lazy"
      src="tile-48-19-6"
      style="position: absolute; width: 256px; height: 256px; left: 768px; top: 256px;"
    />
    <img
      alt=""
      loading="lazy"
      src="tile-48-20-6"
      style="position: absolute; width: 256px; height: 256px; left: 768px; top: 512px;"
    />
    <img
      alt=""
      loading="lazy"
      src="tile-48-21-6"
      style="position: absolute; width: 256px; height: 256px; left: 768px; top: 768px;"
    />
  </div>
</div>
`;
